#Another test

testing